Sure, here is the link: <a data-navigate-ignore="true" class="text-blue-500 hover:underline hover:text-blue-700 cursor-pointer" target="_blank" href="https://example.com">example.com</a>. Let me know if you have any questions.